Archive member included to satisfy reference by file (symbol)

C:/ST/STM32CubeIDE_1.13.2/STM32CubeIDE/plugins/com.st.stm32cube.ide.mcu.externaltools.gnu-tools-for-stm32.11.3.rel1.win32_1.1.1.202309131626/tools/bin/../lib/gcc/arm-none-eabi/11.3.1/../../../../arm-none-eabi/lib/thumb/v6-m/nofp\libc_nano.a(libc_a-exit.o)
                              C:/ST/STM32CubeIDE_1.13.2/STM32CubeIDE/plugins/com.st.stm32cube.ide.mcu.externaltools.gnu-tools-for-stm32.11.3.rel1.win32_1.1.1.202309131626/tools/bin/../lib/gcc/arm-none-eabi/11.3.1/../../../../arm-none-eabi/lib/thumb/v6-m/nofp/rdimon-crt0.o (exit)
C:/ST/STM32CubeIDE_1.13.2/STM32CubeIDE/plugins/com.st.stm32cube.ide.mcu.externaltools.gnu-tools-for-stm32.11.3.rel1.win32_1.1.1.202309131626/tools/bin/../lib/gcc/arm-none-eabi/11.3.1/../../../../arm-none-eabi/lib/thumb/v6-m/nofp\libc_nano.a(libc_a-findfp.o)
                              C:/ST/STM32CubeIDE_1.13.2/STM32CubeIDE/plugins/com.st.stm32cube.ide.mcu.externaltools.gnu-tools-for-stm32.11.3.rel1.win32_1.1.1.202309131626/tools/bin/../lib/gcc/arm-none-eabi/11.3.1/../../../../arm-none-eabi/lib/thumb/v6-m/nofp\libc_nano.a(libc_a-exit.o) (__stdio_exit_handler)
C:/ST/STM32CubeIDE_1.13.2/STM32CubeIDE/plugins/com.st.stm32cube.ide.mcu.externaltools.gnu-tools-for-stm32.11.3.rel1.win32_1.1.1.202309131626/tools/bin/../lib/gcc/arm-none-eabi/11.3.1/../../../../arm-none-eabi/lib/thumb/v6-m/nofp\libc_nano.a(libc_a-fwalk.o)
                              C:/ST/STM32CubeIDE_1.13.2/STM32CubeIDE/plugins/com.st.stm32cube.ide.mcu.externaltools.gnu-tools-for-stm32.11.3.rel1.win32_1.1.1.202309131626/tools/bin/../lib/gcc/arm-none-eabi/11.3.1/../../../../arm-none-eabi/lib/thumb/v6-m/nofp\libc_nano.a(libc_a-findfp.o) (_fwalk_sglue)
C:/ST/STM32CubeIDE_1.13.2/STM32CubeIDE/plugins/com.st.stm32cube.ide.mcu.externaltools.gnu-tools-for-stm32.11.3.rel1.win32_1.1.1.202309131626/tools/bin/../lib/gcc/arm-none-eabi/11.3.1/../../../../arm-none-eabi/lib/thumb/v6-m/nofp\libc_nano.a(libc_a-stdio.o)
                              C:/ST/STM32CubeIDE_1.13.2/STM32CubeIDE/plugins/com.st.stm32cube.ide.mcu.externaltools.gnu-tools-for-stm32.11.3.rel1.win32_1.1.1.202309131626/tools/bin/../lib/gcc/arm-none-eabi/11.3.1/../../../../arm-none-eabi/lib/thumb/v6-m/nofp\libc_nano.a(libc_a-findfp.o) (__sread)
C:/ST/STM32CubeIDE_1.13.2/STM32CubeIDE/plugins/com.st.stm32cube.ide.mcu.externaltools.gnu-tools-for-stm32.11.3.rel1.win32_1.1.1.202309131626/tools/bin/../lib/gcc/arm-none-eabi/11.3.1/../../../../arm-none-eabi/lib/thumb/v6-m/nofp\libc_nano.a(libc_a-memset.o)
                              C:/ST/STM32CubeIDE_1.13.2/STM32CubeIDE/plugins/com.st.stm32cube.ide.mcu.externaltools.gnu-tools-for-stm32.11.3.rel1.win32_1.1.1.202309131626/tools/bin/../lib/gcc/arm-none-eabi/11.3.1/../../../../arm-none-eabi/lib/thumb/v6-m/nofp/rdimon-crt0.o (memset)
C:/ST/STM32CubeIDE_1.13.2/STM32CubeIDE/plugins/com.st.stm32cube.ide.mcu.externaltools.gnu-tools-for-stm32.11.3.rel1.win32_1.1.1.202309131626/tools/bin/../lib/gcc/arm-none-eabi/11.3.1/../../../../arm-none-eabi/lib/thumb/v6-m/nofp\libc_nano.a(libc_a-closer.o)
                              C:/ST/STM32CubeIDE_1.13.2/STM32CubeIDE/plugins/com.st.stm32cube.ide.mcu.externaltools.gnu-tools-for-stm32.11.3.rel1.win32_1.1.1.202309131626/tools/bin/../lib/gcc/arm-none-eabi/11.3.1/../../../../arm-none-eabi/lib/thumb/v6-m/nofp\libc_nano.a(libc_a-stdio.o) (_close_r)
C:/ST/STM32CubeIDE_1.13.2/STM32CubeIDE/plugins/com.st.stm32cube.ide.mcu.externaltools.gnu-tools-for-stm32.11.3.rel1.win32_1.1.1.202309131626/tools/bin/../lib/gcc/arm-none-eabi/11.3.1/../../../../arm-none-eabi/lib/thumb/v6-m/nofp\libc_nano.a(libc_a-reent.o)
                              C:/ST/STM32CubeIDE_1.13.2/STM32CubeIDE/plugins/com.st.stm32cube.ide.mcu.externaltools.gnu-tools-for-stm32.11.3.rel1.win32_1.1.1.202309131626/tools/bin/../lib/gcc/arm-none-eabi/11.3.1/../../../../arm-none-eabi/lib/thumb/v6-m/nofp\libc_nano.a(libc_a-closer.o) (errno)
C:/ST/STM32CubeIDE_1.13.2/STM32CubeIDE/plugins/com.st.stm32cube.ide.mcu.externaltools.gnu-tools-for-stm32.11.3.rel1.win32_1.1.1.202309131626/tools/bin/../lib/gcc/arm-none-eabi/11.3.1/../../../../arm-none-eabi/lib/thumb/v6-m/nofp\libc_nano.a(libc_a-impure.o)
                              C:/ST/STM32CubeIDE_1.13.2/STM32CubeIDE/plugins/com.st.stm32cube.ide.mcu.externaltools.gnu-tools-for-stm32.11.3.rel1.win32_1.1.1.202309131626/tools/bin/../lib/gcc/arm-none-eabi/11.3.1/../../../../arm-none-eabi/lib/thumb/v6-m/nofp\libc_nano.a(libc_a-reent.o) (_impure_ptr)
C:/ST/STM32CubeIDE_1.13.2/STM32CubeIDE/plugins/com.st.stm32cube.ide.mcu.externaltools.gnu-tools-for-stm32.11.3.rel1.win32_1.1.1.202309131626/tools/bin/../lib/gcc/arm-none-eabi/11.3.1/../../../../arm-none-eabi/lib/thumb/v6-m/nofp\libc_nano.a(libc_a-lseekr.o)
[...]
Memory Configuration

Name             Origin             Length             Attributes
RAM              0x0000000020000000 0x0000000000004000 xrw
FLASH            0x0000000008000000 0x0000000000020000 xr
*default*        0x0000000000000000 0xffffffffffffffff

Linker script and memory map

LOAD C:/ST/STM32CubeIDE_1.13.2/STM32CubeIDE/plugins/com.st.stm32cube.ide.mcu.externaltools.gnu-tools-for-stm32.11.3.rel1.win32_1.1.1.202309131626/tools/bin/../lib/gcc/arm-none-eabi/11.3.1/thumb/v6-m/nofp/crti.o
LOAD C:/ST/STM32CubeIDE_1.13.2/STM32CubeIDE/plugins/com.st.stm32cube.ide.mcu.externaltools.gnu-tools-for-stm32.11.3.rel1.win32_1.1.1.202309131626/tools/bin/../lib/gcc/arm-none-eabi/11.3.1/thumb/v6-m/nofp/crtbegin.o
LOAD C:/ST/STM32CubeIDE_1.13.2/STM32CubeIDE/plugins/com.st.stm32cube.ide.mcu.externaltools.gnu-tools-for-stm32.11.3.rel1.win32_1.1.1.202309131626/tools/bin/../lib/gcc/arm-none-eabi/11.3.1/../../../../arm-none-eabi/lib/thumb/v6-m/nofp/rdimon-crt0.o
LOAD ./Core/Src/015_uart_tx.o
LOAD ./Core/Src/stm32f0xx_hal_msp.o
LOAD ./Core/Src/stm32f0xx_it.o
LOAD ./Core/Src/system_stm32f0xx.o
LOAD ./Core/Startup/startup_stm32f072rbtx.o
LOAD ./Drivers/CMSIS/Device/ST/STM32F0xx/Source/stm32f072xb_rcc_driver.o
LOAD ./Drivers/CMSIS/Device/ST/STM32F0xx/Source/stm32f07xx_gpio_driver.o
LOAD ./Drivers/CMSIS/Device/ST/STM32F0xx/Source/stm32f07xx_i2c_driver.o
LOAD ./Drivers/CMSIS/Device/ST/STM32F0xx/Source/stm32f07xx_spi_driver.o
LOAD ./Drivers/CMSIS/Device/ST/STM32F0xx/Source/stm32f07xx_usart_driver.o
LOAD ./Drivers/STM32F0xx_HAL_Driver/Src/stm32f0xx_hal.o
LOAD ./Drivers/STM32F0xx_HAL_Driver/Src/stm32f0xx_hal_cortex.o
LOAD ./Drivers/STM32F0xx_HAL_Driver/Src/stm32f0xx_hal_dma.o
LOAD ./Drivers/STM32F0xx_HAL_Driver/Src/stm32f0xx_hal_exti.o
LOAD ./Drivers/STM32F0xx_HAL_Driver/Src/stm32f0xx_hal_flash.o
LOAD ./Drivers/STM32F0xx_HAL_Driver/Src/stm32f0xx_hal_flash_ex.o
LOAD ./Drivers/STM32F0xx_HAL_Driver/Src/stm32f0xx_hal_gpio.o
LOAD ./Drivers/STM32F0xx_HAL_Driver/Src/stm32f0xx_hal_i2c.o
LOAD ./Drivers/STM32F0xx_HAL_Driver/Src/stm32f0xx_hal_i2c_ex.o
LOAD ./Drivers/STM32F0xx_HAL_Driver/Src/stm32f0xx_hal_pwr.o
LOAD ./Drivers/STM32F0xx_HAL_Driver/Src/stm32f0xx_hal_pwr_ex.o
LOAD ./Drivers/STM32F0xx_HAL_Driver/Src/stm32f0xx_hal_rcc.o
LOAD ./Drivers/STM32F0xx_HAL_Driver/Src/stm32f0xx_hal_rcc_ex.o
LOAD ./Drivers/STM32F0xx_HAL_Driver/Src/stm32f0xx_hal_tim.o
LOAD ./Drivers/STM32F0xx_HAL_Driver/Src/stm32f0xx_hal_tim_ex.o
LOAD ./Drivers/STM32F0xx_HAL_Driver/Src/stm32f0xx_hal_uart.o
LOAD ./Drivers/STM32F0xx_HAL_Driver/Src/stm32f0xx_hal_uart_ex.o
LOAD C:/ST/STM32CubeIDE_1.13.2/STM32CubeIDE/plugins/com.st.stm32cube.ide.mcu.externaltools.gnu-tools-for-stm32.11.3.rel1.win32_1.1.1.202309131626/tools/bin/../lib/gcc/arm-none-eabi/11.3.1/../../../../arm-none-eabi/lib/thumb/v6-m/nofp\libc_nano.a
LOAD C:/ST/STM32CubeIDE_1.13.2/STM32CubeIDE/plugins/com.st.stm32cube.ide.mcu.externaltools.gnu-tools-for-stm32.11.3.rel1.win32_1.1.1.202309131626/tools/bin/../lib/gcc/arm-none-eabi/11.3.1/../../../../arm-none-eabi/lib/thumb/v6-m/nofp\librdimon_nano.a
START GROUP
LOAD C:/ST/STM32CubeIDE_1.13.2/STM32CubeIDE/plugins/com.st.stm32cube.ide.mcu.externaltools.gnu-tools-for-stm32.11.3.rel1.win32_1.1.1.202309131626/tools/bin/../lib/gcc/arm-none-eabi/11.3.1/../../../../arm-none-eabi/lib/thumb/v6-m/nofp\libc_nano.a
LOAD C:/ST/STM32CubeIDE_1.13.2/STM32CubeIDE/plugins/com.st.stm32cube.ide.mcu.externaltools.gnu-tools-for-stm32.11.3.rel1.win32_1.1.1.202309131626/tools/bin/../lib/gcc/arm-none-eabi/11.3.1/../../../../arm-none-eabi/lib/thumb/v6-m/nofp\libm.a
END GROUP
START GROUP
LOAD C:/ST/STM32CubeIDE_1.13.2/STM32CubeIDE/plugins/com.st.stm32cube.ide.mcu.externaltools.gnu-tools-for-stm32.11.3.rel1.win32_1.1.1.202309131626/tools/bin/../lib/gcc/arm-none-eabi/11.3.1/thumb/v6-m/nofp\libgcc.a
LOAD C:/ST/STM32CubeIDE_1.13.2/STM32CubeIDE/plugins/com.st.stm32cube.ide.mcu.externaltools.gnu-tools-for-stm32.11.3.rel1.win32_1.1.1.202309131626/tools/bin/../lib/gcc/arm-none-eabi/11.3.1/../../../../arm-none-eabi/lib/thumb/v6-m/nofp\libc_nano.a
END GROUP
START GROUP
LOAD C:/ST/STM32CubeIDE_1.13.2/STM32CubeIDE/plugins/com.st.stm32cube.ide.mcu.externaltools.gnu-tools-for-stm32.11.3.rel1.win32_1.1.1.202309131626/tools/bin/../lib/gcc/arm-none-eabi/11.3.1/thumb/v6-m/nofp\libgcc.a
LOAD C:/ST/STM32CubeIDE_1.13.2/STM32CubeIDE/plugins/com.st.stm32cube.ide.mcu.externaltools.gnu-tools-for-stm32.11.3.rel1.win32_1.1.1.202309131626/tools/bin/../lib/gcc/arm-none-eabi/11.3.1/../../../../arm-none-eabi/lib/thumb/v6-m/nofp\libc_nano.a
LOAD C:/ST/STM32CubeIDE_1.13.2/STM32CubeIDE/plugins/com.st.stm32cube.ide.mcu.externaltools.gnu-tools-for-stm32.11.3.rel1.win32_1.1.1.202309131626/tools/bin/../lib/gcc/arm-none-eabi/11.3.1/../../../../arm-none-eabi/lib/thumb/v6-m/nofp\libnosys.a
END GROUP
START GROUP
LOAD C:/ST/STM32CubeIDE_1.13.2/STM32CubeIDE/plugins/com.st.stm32cube.ide.mcu.externaltools.gnu-tools-for-stm32.11.3.rel1.win32_1.1.1.202309131626/tools/bin/../lib/gcc/arm-none-eabi/11.3.1/thumb/v6-m/nofp\libgcc.a
LOAD C:/ST/STM32CubeIDE_1.13.2/STM32CubeIDE/plugins/com.st.stm32cube.ide.mcu.externaltools.gnu-tools-for-stm32.11.3.rel1.win32_1.1.1.202309131626/tools/bin/../lib/gcc/arm-none-eabi/11.3.1/../../../../arm-none-eabi/lib/thumb/v6-m/nofp\libc_nano.a
LOAD C:/ST/STM32CubeIDE_1.13.2/STM32CubeIDE/plugins/com.st.stm32cube.ide.mcu.externaltools.gnu-tools-for-stm32.11.3.rel1.win32_1.1.1.202309131626/tools/bin/../lib/gcc/arm-none-eabi/11.3.1/../../../../arm-none-eabi/lib/thumb/v6-m/nofp\librdimon_nano.a
END GROUP
START GROUP
LOAD C:/ST/STM32CubeIDE_1.13.2/STM32CubeIDE/plugins/com.st.stm32cube.ide.mcu.externaltools.gnu-tools-for-stm32.11.3.rel1.win32_1.1.1.202309131626/tools/bin/../lib/gcc/arm-none-eabi/11.3.1/thumb/v6-m/nofp\libgcc.a
LOAD C:/ST/STM32CubeIDE_1.13.2/STM32CubeIDE/plugins/com.st.stm32cube.ide.mcu.externaltools.gnu-tools-for-stm32.11.3.rel1.win32_1.1.1.202309131626/tools/bin/../lib/gcc/arm-none-eabi/11.3.1/../../../../arm-none-eabi/lib/thumb/v6-m/nofp\libc_nano.a
LOAD C:/ST/STM32CubeIDE_1.13.2/STM32CubeIDE/plugins/com.st.stm32cube.ide.mcu.externaltools.gnu-tools-for-stm32.11.3.rel1.win32_1.1.1.202309131626/tools/bin/../lib/gcc/arm-none-eabi/11.3.1/../../../../arm-none-eabi/lib/thumb/v6-m/nofp\librdimon_nano.a
LOAD C:/ST/STM32CubeIDE_1.13.2/STM32CubeIDE/plugins/com.st.stm32cube.ide.mcu.externaltools.gnu-tools-for-stm32.11.3.rel1.win32_1.1.1.202309131626/tools/bin/../lib/gcc/arm-none-eabi/11.3.1/../../../../arm-none-eabi/lib/thumb/v6-m/nofp\libnosys.a
END GROUP
LOAD C:/ST/STM32CubeIDE_1.13.2/STM32CubeIDE/plugins/com.st.stm32cube.ide.mcu.externaltools.gnu-tools-for-stm32.11.3.rel1.win32_1.1.1.202309131626/tools/bin/../lib/gcc/arm-none-eabi/11.3.1/thumb/v6-m/nofp/crtend.o
LOAD C:/ST/STM32CubeIDE_1.13.2/STM32CubeIDE/plugins/com.st.stm32cube.ide.mcu.externaltools.gnu-tools-for-stm32.11.3.rel1.win32_1.1.1.202309131626/tools/bin/../lib/gcc/arm-none-eabi/11.3.1/thumb/v6-m/nofp/crtn.o
                0x0000000020004000                _estack = (ORIGIN (RAM) + LENGTH (RAM))
                0x0000000000000200                _Min_Heap_Size = 0x200
                0x0000000000000400                _Min_Stack_Size = 0x400

.isr_vector     0x0000000008000000       0xc0
                0x0000000008000000                . = ALIGN (0x4)
 *(.isr_vector)
 .isr_vector    0x0000000008000000       0xc0 ./Core/Startup/startup_stm32f072rbtx.o
                0x0000000008000000                g_pfnVectors
                0x00000000080000c0                . = ALIGN (0x4)

.text           0x00000000080000c0      0xe9c
                0x00000000080000c0                . = ALIGN (0x4)
 *(.text)
 .text          0x00000000080000c0       0x48 C:/ST/STM32CubeIDE_1.13.2/STM32CubeIDE/plugins/com.st.stm32cube.ide.mcu.externaltools.gnu-tools-for-stm32.11.3.rel1.win32_1.1.1.202309131626/tools/bin/../lib/gcc/arm-none-eabi/11.3.1/thumb/v6-m/nofp/crtbegin.o
 .text          0x0000000008000108        0xe C:/ST/STM32CubeIDE_1.13.2/STM32CubeIDE/plugins/com.st.stm32cube.ide.mcu.externaltools.gnu-tools-for-stm32.11.3.rel1.win32_1.1.1.202309131626/tools/bin/../lib/gcc/arm-none-eabi/11.3.1/../../../../arm-none-eabi/lib/thumb/v6-m/nofp\libc_nano.a(libc_a-strlen.o)
                0x0000000008000108                strlen
 *fill*         0x0000000008000116        0x2 
 .text          0x0000000008000118      0x114 C:/ST/STM32CubeIDE_1.13.2/STM32CubeIDE/plugins/com.st.stm32cube.ide.mcu.externaltools.gnu-tools-for-stm32.11.3.rel1.win32_1.1.1.202309131626/tools/bin/../lib/gcc/arm-none-eabi/11.3.1/thumb/v6-m/nofp\libgcc.a(_udivsi3.o)
                0x0000000008000118                __aeabi_uidiv
                0x0000000008000118                __udivsi3
                0x0000000008000224                __aeabi_uidivmod
 .text          0x000000000800022c        0x4 C:/ST/STM32CubeIDE_1.13.2/STM32CubeIDE/plugins/com.st.stm32cube.ide.mcu.externaltools.gnu-tools-for-stm32.11.3.rel1.win32_1.1.1.202309131626/tools/bin/../lib/gcc/arm-none-eabi/11.3.1/thumb/v6-m/nofp\libgcc.a(_dvmd_tls.o)
                0x000000000800022c                __aeabi_idiv0
                0x000000000800022c                __aeabi_ldiv0
 *(.text*)
 .text.USART2_Init
                0x0000000008000230       0x48 ./Core/Src/015_uart_tx.o
                0x0000000008000230                USART2_Init
 .text.USART2_GPIOInit
                0x0000000008000278       0x50 ./Core/Src/015_uart_tx.o
                0x0000000008000278                USART2_GPIOInit
 .text.GPIO_ButtonInit
                0x00000000080002c8       0x74 ./Core/Src/015_uart_tx.o
                0x00000000080002c8                GPIO_ButtonInit
 .text.delay    0x000000000800033c       0x28 ./Core/Src/015_uart_tx.o
                0x000000000800033c                delay
 .text.main     0x0000000008000364       0x54 ./Core/Src/015_uart_tx.o
                0x0000000008000364                main
 .text.NMI_Handler
                0x00000000080003b8        0x6 ./Core/Src/stm32f0xx_it.o
                0x00000000080003b8                NMI_Handler
 .text.HardFault_Handler
                0x00000000080003be        0x6 ./Core/Src/stm32f0xx_it.o
                0x00000000080003be                HardFault_Handler
 .text.SVC_Handler
                0x00000000080003c4        0xa ./Core/Src/stm32f0xx_it.o
                0x00000000080003c4                SVC_Handler
 .text.PendSV_Handler
                0x00000000080003ce        0xa ./Core/Src/stm32f0xx_it.o
                0x00000000080003ce                PendSV_Handler
 .text.SysTick_Handler
                0x00000000080003d8        0xe ./Core/Src/stm32f0xx_it.o
                0x00000000080003d8                SysTick_Handler
 .text.SystemInit
                0x00000000080003e6        0xa ./Core/Src/system_stm32f0xx.o
                0x00000000080003e6                SystemInit
 .text.Reset_Handler
                0x00000000080003f0       0x50 ./Core/Startup/startup_stm32f072rbtx.o
                0x00000000080003f0                Reset_Handler
 .text.Default_Handler
                0x0000000008000440        0x2 ./Core/Startup/startup_stm32f072rbtx.o
                0x0000000008000440                TIM1_CC_IRQHandler
                0x0000000008000440                TSC_IRQHandler
                0x0000000008000440                ADC1_COMP_IRQHandler
                0x0000000008000440                I2C1_IRQHandler
                0x0000000008000440                RCC_CRS_IRQHandler
                0x0000000008000440                SPI1_IRQHandler
                0x0000000008000440                TIM6_DAC_IRQHandler
                0x0000000008000440                USART3_4_IRQHandler
                0x0000000008000440                EXTI2_3_IRQHandler
                0x0000000008000440                I2C2_IRQHandler
                0x0000000008000440                TIM17_IRQHandler
                0x0000000008000440                CEC_CAN_IRQHandler
                0x0000000008000440                RTC_IRQHandler
                0x0000000008000440                PVD_VDDIO2_IRQHandler
                0x0000000008000440                DMA1_Channel4_5_6_7_IRQHandler
                0x0000000008000440                TIM16_IRQHandler
                0x0000000008000440                TIM3_IRQHandler
                0x0000000008000440                EXTI4_15_IRQHandler
                0x0000000008000440                DMA1_Channel1_IRQHandler
                0x0000000008000440                Default_Handler
                0x0000000008000440                TIM14_IRQHandler
                0x0000000008000440                TIM7_IRQHandler
                0x0000000008000440                TIM15_IRQHandler
                0x0000000008000440                EXTI0_1_IRQHandler
                0x0000000008000440                USB_IRQHandler
                0x0000000008000440                SPI2_IRQHandler
                0x0000000008000440                WWDG_IRQHandler
                0x0000000008000440                TIM2_IRQHandler
                0x0000000008000440                DMA1_Channel2_3_IRQHandler
                0x0000000008000440                USART2_IRQHandler
                0x0000000008000440                FLASH_IRQHandler
                0x0000000008000440                USART1_IRQHandler
                0x0000000008000440                TIM1_BRK_UP_TRG_COM_IRQHandler
 *fill*         0x0000000008000442        0x2 
 .text.RCC_GetPCLK1Value
                0x0000000008000444       0xfc ./Drivers/CMSIS/Device/ST/STM32F0xx/Source/stm32f072xb_rcc_driver.o
                0x0000000008000444                RCC_GetPCLK1Value
 .text.RCC_GetPCLK2Value
                0x0000000008000540       0xc8 ./Drivers/CMSIS/Device/ST/STM32F0xx/Source/stm32f072xb_rcc_driver.o
                0x0000000008000540                RCC_GetPCLK2Value
 .text.RCC_GetPLLOutputClock
                0x0000000008000608        0xc ./Drivers/CMSIS/Device/ST/STM32F0xx/Source/stm32f072xb_rcc_driver.o
                0x0000000008000608                RCC_GetPLLOutputClock
 .text.GPIO_PeriClockControl
                0x0000000008000614      0x164 ./Drivers/CMSIS/Device/ST/STM32F0xx/Source/stm32f07xx_gpio_driver.o
                0x0000000008000614                GPIO_PeriClockControl
 .text.GPIO_Init
                0x0000000008000778      0x324 ./Drivers/CMSIS/Device/ST/STM32F0xx/Source/stm32f07xx_gpio_driver.o
                0x0000000008000778                GPIO_Init
 .text.GPIO_ReadFromInputPin
                0x0000000008000a9c       0x32 ./Drivers/CMSIS/Device/ST/STM32F0xx/Source/stm32f07xx_gpio_driver.o
                0x0000000008000a9c                GPIO_ReadFromInputPin
 *fill*         0x0000000008000ace        0x2 
 .text.USART_SetBaudRate
                0x0000000008000ad0       0xf8 ./Drivers/CMSIS/Device/ST/STM32F0xx/Source/stm32f07xx_usart_driver.o
                0x0000000008000ad0                USART_SetBaudRate
 .text.USART_PeriClockControl
                0x0000000008000bc8       0xf8 ./Drivers/CMSIS/Device/ST/STM32F0xx/Source/stm32f07xx_usart_driver.o
                0x0000000008000bc8                USART_PeriClockControl
 .text.USART_PeripheralControl
                0x0000000008000cc0       0x3a ./Drivers/CMSIS/Device/ST/STM32F0xx/Source/stm32f07xx_usart_driver.o
                0x0000000008000cc0                USART_PeripheralControl
 .text.USARTGetFlagStatus
                0x0000000008000cfa       0x28 ./Drivers/CMSIS/Device/ST/STM32F0xx/Source/stm32f07xx_usart_driver.o
                0x0000000008000cfa                USARTGetFlagStatus
 .text.USART_Init
                0x0000000008000d22      0x11c ./Drivers/CMSIS/Device/ST/STM32F0xx/Source/stm32f07xx_usart_driver.o
                0x0000000008000d22                USART_Init
 .text.USART_SendData
                0x0000000008000e3e       0x9a ./Drivers/CMSIS/Device/ST/STM32F0xx/Source/stm32f07xx_usart_driver.o
                0x0000000008000e3e                USART_SendData
 .text.HAL_IncTick
                0x0000000008000ed8       0x24 ./Drivers/STM32F0xx_HAL_Driver/Src/stm32f0xx_hal.o
                0x0000000008000ed8                HAL_IncTick
 .text.__libc_init_array
                0x0000000008000efc       0x48 C:/ST/STM32CubeIDE_1.13.2/STM32CubeIDE/plugins/com.st.stm32cube.ide.mcu.externaltools.gnu-tools-for-stm32.11.3.rel1.win32_1.1.1.202309131626/tools/bin/../lib/gcc/arm-none-eabi/11.3.1/../../../../arm-none-eabi/lib/thumb/v6-m/nofp\libc_nano.a(libc_a-init.o)
                0x0000000008000efc                __libc_init_array
 *(.glue_7)
 .glue_7        0x0000000008000f44        0x0 linker stubs
 *(.glue_7t)
 .glue_7t       0x0000000008000f44        0x0 linker stubs
 *(.eh_frame)
 .eh_frame      0x0000000008000f44        0x0 C:/ST/STM32CubeIDE_1.13.2/STM32CubeIDE/plugins/com.st.stm32cube.ide.mcu.externaltools.gnu-tools-for-stm32.11.3.rel1.win32_1.1.1.202309131626/tools/bin/../lib/gcc/arm-none-eabi/11.3.1/thumb/v6-m/nofp/crtbegin.o
 *(.init)
 .init          0x0000000008000f44        0x4 C:/ST/STM32CubeIDE_1.13.2/STM32CubeIDE/plugins/com.st.stm32cube.ide.mcu.externaltools.gnu-tools-for-stm32.11.3.rel1.win32_1.1.1.202309131626/tools/bin/../lib/gcc/arm-none-eabi/11.3.1/thumb/v6-m/nofp/crti.o
                0x0000000008000f44                _init
 .init          0x0000000008000f48        0x8 C:/ST/STM32CubeIDE_1.13.2/STM32CubeIDE/plugins/com.st.stm32cube.ide.mcu.externaltools.gnu-tools-for-stm32.11.3.rel1.win32_1.1.1.202309131626/tools/bin/../lib/gcc/arm-none-eabi/11.3.1/thumb/v6-m/nofp/crtn.o
 *(.fini)
 .fini          0x0000000008000f50        0x4 C:/ST/STM32CubeIDE_1.13.2/STM32CubeIDE/plugins/com.st.stm32cube.ide.mcu.externaltools.gnu-tools-for-stm32.11.3.rel1.win32_1.1.1.202309131626/tools/bin/../lib/gcc/arm-none-eabi/11.3.1/thumb/v6-m/nofp/crti.o
                0x0000000008000f50                _fini
 .fini          0x0000000008000f54        0x8 C:/ST/STM32CubeIDE_1.13.2/STM32CubeIDE/plugins/com.st.stm32cube.ide.mcu.externaltools.gnu-tools-for-stm32.11.3.rel1.win32_1.1.1.202309131626/tools/bin/../lib/gcc/arm-none-eabi/11.3.1/thumb/v6-m/nofp/crtn.o
                0x0000000008000f5c                . = ALIGN (0x4)
                0x0000000008000f5c                _etext = .

.vfp11_veneer   0x0000000008000f5c        0x0
 .vfp11_veneer  0x0000000008000f5c        0x0 linker stubs

.v4_bx          0x0000000008000f5c        0x0
 .v4_bx         0x0000000008000f5c        0x0 linker stubs

.iplt           0x0000000008000f5c        0x0
 .iplt          0x0000000008000f5c        0x0 C:/ST/STM32CubeIDE_1.13.2/STM32CubeIDE/plugins/com.st.stm32cube.ide.mcu.externaltools.gnu-tools-for-stm32.11.3.rel1.win32_1.1.1.202309131626/tools/bin/../lib/gcc/arm-none-eabi/11.3.1/thumb/v6-m/nofp/crtbegin.o

.rel.dyn        0x0000000008000f5c        0x0
 .rel.iplt      0x0000000008000f5c        0x0 C:/ST/STM32CubeIDE_1.13.2/STM32CubeIDE/plugins/com.st.stm32cube.ide.mcu.externaltools.gnu-tools-for-stm32.11.3.rel1.win32_1.1.1.202309131626/tools/bin/../lib/gcc/arm-none-eabi/11.3.1/thumb/v6-m/nofp/crtbegin.o

.rodata         0x0000000008000f5c        0x0
                0x0000000008000f5c                . = ALIGN (0x4)
 *(.rodata)
 *(.rodata*)
                0x0000000008000f5c                . = ALIGN (0x4)

.ARM.extab      0x0000000008000f5c        0x0
                0x0000000008000f5c                . = ALIGN (0x4)
 *(.ARM.extab* .gnu.linkonce.armextab.*)
                0x0000000008000f5c                . = ALIGN (0x4)

.ARM            0x0000000008000f5c        0x0
                0x0000000008000f5c                . = ALIGN (0x4)
                0x0000000008000f5c                __exidx_start = .
 *(.ARM.exidx*)
                0x0000000008000f5c                __exidx_end = .
                0x0000000008000f5c                . = ALIGN (0x4)

.preinit_array  0x0000000008000f5c        0x0
                0x0000000008000f5c                . = ALIGN (0x4)
                0x0000000008000f5c                PROVIDE (__preinit_array_start = .)
 *(.preinit_array*)
                0x0000000008000f5c                PROVIDE (__preinit_array_end = .)
                0x0000000008000f5c                . = ALIGN (0x4)

.init_array     0x0000000008000f5c        0x4
                0x0000000008000f5c                . = ALIGN (0x4)
                0x0000000008000f5c                PROVIDE (__init_array_start = .)
 *(SORT_BY_NAME(.init_array.*))
 *(.init_array*)
 .init_array    0x0000000008000f5c        0x4 C:/ST/STM32CubeIDE_1.13.2/STM32CubeIDE/plugins/com.st.stm32cube.ide.mcu.externaltools.gnu-tools-for-stm32.11.3.rel1.win32_1.1.1.202309131626/tools/bin/../lib/gcc/arm-none-eabi/11.3.1/thumb/v6-m/nofp/crtbegin.o
                0x0000000008000f60                PROVIDE (__init_array_end = .)
                0x0000000008000f60                . = ALIGN (0x4)

.fini_array     0x0000000008000f60        0x4
                0x0000000008000f60                . = ALIGN (0x4)
                [!provide]                        PROVIDE (__fini_array_start = .)
 *(SORT_BY_NAME(.fini_array.*))
 *(.fini_array*)
 .fini_array    0x0000000008000f60        0x4 C:/ST/STM32CubeIDE_1.13.2/STM32CubeIDE/plugins/com.st.stm32cube.ide.mcu.externaltools.gnu-tools-for-stm32.11.3.rel1.win32_1.1.1.202309131626/tools/bin/../lib/gcc/arm-none-eabi/11.3.1/thumb/v6-m/nofp/crtbegin.o
                [!provide]                        PROVIDE (__fini_array_end = .)
                0x0000000008000f64                . = ALIGN (0x4)
                0x0000000008000f64                _sidata = LOADADDR (.data)

.data           0x0000000020000000      0x418 load address 0x0000000008000f64
                0x0000000020000000                . = ALIGN (0x4)
                0x0000000020000000                _sdata = .
 *(.data)
 *(.data*)
 .data.msg      0x0000000020000000      0x400 ./Core/Src/015_uart_tx.o
                0x0000000020000000                msg
 .data.AHB_PreScaler
                0x0000000020000400       0x10 ./Drivers/CMSIS/Device/ST/STM32F0xx/Source/stm32f072xb_rcc_driver.o
                0x0000000020000400                AHB_PreScaler
 .data.APB1_PreScaler
                0x0000000020000410        0x4 ./Drivers/CMSIS/Device/ST/STM32F0xx/Source/stm32f072xb_rcc_driver.o
                0x0000000020000410                APB1_PreScaler
 .data.uwTickFreq
                0x0000000020000414        0x1 ./Drivers/STM32F0xx_HAL_Driver/Src/stm32f0xx_hal.o
                0x0000000020000414                uwTickFreq
 *(.RamFunc)
 *(.RamFunc*)
                0x0000000020000418                . = ALIGN (0x4)
 *fill*         0x0000000020000415        0x3 
                0x0000000020000418                _edata = .

.igot.plt       0x0000000020000418        0x0 load address 0x000000000800137c
 .igot.plt      0x0000000020000418        0x0 C:/ST/STM32CubeIDE_1.13.2/STM32CubeIDE/plugins/com.st.stm32cube.ide.mcu.externaltools.gnu-tools-for-stm32.11.3.rel1.win32_1.1.1.202309131626/tools/bin/../lib/gcc/arm-none-eabi/11.3.1/thumb/v6-m/nofp/crtbegin.o
                0x0000000020000418                . = ALIGN (0x4)

.bss            0x0000000020000418       0x44 load address 0x000000000800137c
                0x0000000020000418                _sbss = .
                0x0000000020000418                __bss_start__ = _sbss
 *(.bss)
 .bss           0x0000000020000418       0x1c C:/ST/STM32CubeIDE_1.13.2/STM32CubeIDE/plugins/com.st.stm32cube.ide.mcu.externaltools.gnu-tools-for-stm32.11.3.rel1.win32_1.1.1.202309131626/tools/bin/../lib/gcc/arm-none-eabi/11.3.1/thumb/v6-m/nofp/crtbegin.o
 *(.bss*)
 .bss.usart2_handle
                0x0000000020000434       0x24 ./Core/Src/015_uart_tx.o
                0x0000000020000434                usart2_handle
 .bss.uwTick    0x0000000020000458        0x4 ./Drivers/STM32F0xx_HAL_Driver/Src/stm32f0xx_hal.o
                0x0000000020000458                uwTick
 *(COMMON)
                0x000000002000045c                . = ALIGN (0x4)
                0x000000002000045c                _ebss = .
                0x000000002000045c                __bss_end__ = _ebss

._user_heap_stack
                0x000000002000045c      0x604 load address 0x000000000800137c
                0x0000000020000460                . = ALIGN (0x8)
 *fill*         0x000000002000045c        0x4 
                0x0000000020000460                PROVIDE (end = .)
                [!provide]                        PROVIDE (_end = .)
                0x0000000020000660                . = (. + _Min_Heap_Size)
 *fill*         0x0000000020000460      0x200 
                0x0000000020000a60                . = (. + _Min_Stack_Size)
 *fill*         0x0000000020000660      0x400 
                0x0000000020000a60                . = ALIGN (0x8)

/DISCARD/
 libc.a(*)
 libm.a(*)
 libgcc.a(*)

.ARM.attributes
                0x0000000000000000       0x28
 *(.ARM.attributes)
 .ARM.attributes
                0x0000000000000000       0x1e C:/ST/STM32CubeIDE_1.13.2/STM32CubeIDE/plugins/com.st.stm32cube.ide.mcu.externaltools.gnu-tools-for-stm32.11.3.rel1.win32_1.1.1.202309131626/tools/bin/../lib/gcc/arm-none-eabi/11.3.1/thumb/v6-m/nofp/crti.o
 .ARM.attributes
                0x000000000000001e       0x2c C:/ST/STM32CubeIDE_1.13.2/STM32CubeIDE/plugins/com.st.stm32cube.ide.mcu.externaltools.gnu-tools-for-stm32.11.3.rel1.win32_1.1.1.202309131626/tools/bin/../lib/gcc/arm-none-eabi/11.3.1/thumb/v6-m/nofp/crtbegin.o
 .ARM.attributes
                0x000000000000004a       0x2c ./Core/Src/015_uart_tx.o
 .ARM.attributes
                0x0000000000000076       0x2c ./Core/Src/stm32f0xx_it.o
 .ARM.attributes
                0x00000000000000a2       0x2c ./Core/Src/system_stm32f0xx.o
 .ARM.attributes
                0x00000000000000ce       0x21 ./Core/Startup/startup_stm32f072rbtx.o
 .ARM.attributes
                0x00000000000000ef       0x2c ./Drivers/CMSIS/Device/ST/STM32F0xx/Source/stm32f072xb_rcc_driver.o
 .ARM.attributes
                0x000000000000011b       0x2c ./Drivers/CMSIS/Device/ST/STM32F0xx/Source/stm32f07xx_gpio_driver.o
 .ARM.attributes
                0x0000000000000147       0x2c ./Drivers/CMSIS/Device/ST/STM32F0xx/Source/stm32f07xx_usart_driver.o
 .ARM.attributes
                0x0000000000000173       0x2c ./Drivers/STM32F0xx_HAL_Driver/Src/stm32f0xx_hal.o
 .ARM.attributes
                0x000000000000019f       0x2c C:/ST/STM32CubeIDE_1.13.2/STM32CubeIDE/plugins/com.st.stm32cube.ide.mcu.externaltools.gnu-tools-for-stm32.11.3.rel1.win32_1.1.1.202309131626/tools/bin/../lib/gcc/arm-none-eabi/11.3.1/../../../../arm-none-eabi/lib/thumb/v6-m/nofp\libc_nano.a(libc_a-init.o)
 .ARM.attributes
                0x00000000000001cb       0x1c C:/ST/STM32CubeIDE_1.13.2/STM32CubeIDE/plugins/com.st.stm32cube.ide.mcu.externaltools.gnu-tools-for-stm32.11.3.rel1.win32_1.1.1.202309131626/tools/bin/../lib/gcc/arm-none-eabi/11.3.1/../../../../arm-none-eabi/lib/thumb/v6-m/nofp\libc_nano.a(libc_a-strlen.o)
 .ARM.attributes
                0x00000000000001e7       0x1e C:/ST/STM32CubeIDE_1.13.2/STM32CubeIDE/plugins/com.st.stm32cube.ide.mcu.externaltools.gnu-tools-for-stm32.11.3.rel1.win32_1.1.1.202309131626/tools/bin/../lib/gcc/arm-none-eabi/11.3.1/thumb/v6-m/nofp\libgcc.a(_udivsi3.o)
 .ARM.attributes
                0x0000000000000205       0x1e C:/ST/STM32CubeIDE_1.13.2/STM32CubeIDE/plugins/com.st.stm32cube.ide.mcu.externaltools.gnu-tools-for-stm32.11.3.rel1.win32_1.1.1.202309131626/tools/bin/../lib/gcc/arm-none-eabi/11.3.1/thumb/v6-m/nofp\libgcc.a(_dvmd_tls.o)
 .ARM.attributes
                0x0000000000000223       0x1e C:/ST/STM32CubeIDE_1.13.2/STM32CubeIDE/plugins/com.st.stm32cube.ide.mcu.externaltools.gnu-tools-for-stm32.11.3.rel1.win32_1.1.1.202309131626/tools/bin/../lib/gcc/arm-none-eabi/11.3.1/thumb/v6-m/nofp/crtn.o
OUTPUT(stm32f07xx.elf elf32-littlearm)
LOAD linker stubs
LOAD C:/ST/STM32CubeIDE_1.13.2/STM32CubeIDE/plugins/com.st.stm32cube.ide.mcu.externaltools.gnu-tools-for-stm32.11.3.rel1.win32_1.1.1.202309131626/tools/bin/../lib/gcc/arm-none-eabi/11.3.1/../../../../arm-none-eabi/lib/thumb/v6-m/nofp\libc.a
LOAD C:/ST/STM32CubeIDE_1.13.2/STM32CubeIDE/plugins/com.st.stm32cube.ide.mcu.externaltools.gnu-tools-for-stm32.11.3.rel1.win32_1.1.1.202309131626/tools/bin/../lib/gcc/arm-none-eabi/11.3.1/../../../../arm-none-eabi/lib/thumb/v6-m/nofp\libm.a
LOAD C:/ST/STM32CubeIDE_1.13.2/STM32CubeIDE/plugins/com.st.stm32cube.ide.mcu.externaltools.gnu-tools-for-stm32.11.3.rel1.win32_1.1.1.202309131626/tools/bin/../lib/gcc/arm-none-eabi/11.3.1/thumb/v6-m/nofp\libgcc.a

.comment        0x0000000000000000       0x43
 .comment       0x0000000000000000       0x43 C:/ST/STM32CubeIDE_1.13.2/STM32CubeIDE/plugins/com.st.stm32cube.ide.mcu.externaltools.gnu-tools-for-stm32.11.3.rel1.win32_1.1.1.202309131626/tools/bin/../lib/gcc/arm-none-eabi/11.3.1/thumb/v6-m/nofp/crtbegin.o
                                         0x44 (size before relaxing)
 .comment       0x0000000000000043       0x44 ./Core/Src/015_uart_tx.o
 .comment       0x0000000000000043       0x44 ./Core/Src/stm32f0xx_it.o
 .comment       0x0000000000000043       0x44 ./Core/Src/system_stm32f0xx.o
 .comment       0x0000000000000043       0x44 ./Drivers/CMSIS/Device/ST/STM32F0xx/Source/stm32f072xb_rcc_driver.o
 .comment       0x0000000000000043       0x44 ./Drivers/CMSIS/Device/ST/STM32F0xx/Source/stm32f07xx_gpio_driver.o
 .comment       0x0000000000000043       0x44 ./Drivers/CMSIS/Device/ST/STM32F0xx/Source/stm32f07xx_usart_driver.o
 .comment       0x0000000000000043       0x44 ./Drivers/STM32F0xx_HAL_Driver/Src/stm32f0xx_hal.o

.debug_info     0x0000000000000000     0x1dfd
 .debug_info    0x0000000000000000      0x544 ./Core/Src/015_uart_tx.o
 .debug_info    0x0000000000000544       0xd3 ./Core/Src/stm32f0xx_it.o
 .debug_info    0x0000000000000617      0x242 ./Core/Src/system_stm32f0xx.o
 .debug_info    0x0000000000000859       0x23 ./Core/Startup/startup_stm32f072rbtx.o
 .debug_info    0x000000000000087c      0x2b7 ./Drivers/CMSIS/Device/ST/STM32F0xx/Source/stm32f072xb_rcc_driver.o
 .debug_info    0x0000000000000b33      0x61c ./Drivers/CMSIS/Device/ST/STM32F0xx/Source/stm32f07xx_gpio_driver.o
 .debug_info    0x000000000000114f      0x5e5 ./Drivers/CMSIS/Device/ST/STM32F0xx/Source/stm32f07xx_usart_driver.o
 .debug_info    0x0000000000001734      0x6c9 ./Drivers/STM32F0xx_HAL_Driver/Src/stm32f0xx_hal.o

.debug_abbrev   0x0000000000000000      0xa6a
 .debug_abbrev  0x0000000000000000      0x1c9 ./Core/Src/015_uart_tx.o
 .debug_abbrev  0x00000000000001c9       0x73 ./Core/Src/stm32f0xx_it.o
 .debug_abbrev  0x000000000000023c      0x11c ./Core/Src/system_stm32f0xx.o
 .debug_abbrev  0x0000000000000358       0x12 ./Core/Startup/startup_stm32f072rbtx.o
 .debug_abbrev  0x000000000000036a      0x122 ./Drivers/CMSIS/Device/ST/STM32F0xx/Source/stm32f072xb_rcc_driver.o
 .debug_abbrev  0x000000000000048c      0x1b2 ./Drivers/CMSIS/Device/ST/STM32F0xx/Source/stm32f07xx_gpio_driver.o
 .debug_abbrev  0x000000000000063e      0x219 ./Drivers/CMSIS/Device/ST/STM32F0xx/Source/stm32f07xx_usart_driver.o
 .debug_abbrev  0x0000000000000857      0x213 ./Drivers/STM32F0xx_HAL_Driver/Src/stm32f0xx_hal.o

.debug_aranges  0x0000000000000000      0x2a0
 .debug_aranges
                0x0000000000000000       0x40 ./Core/Src/015_uart_tx.o
 .debug_aranges
                0x0000000000000040       0x40 ./Core/Src/stm32f0xx_it.o
 .debug_aranges
                0x0000000000000080       0x28 ./Core/Src/system_stm32f0xx.o
 .debug_aranges
                0x00000000000000a8       0x28 ./Core/Startup/startup_stm32f072rbtx.o
 .debug_aranges
                0x00000000000000d0       0x30 ./Drivers/CMSIS/Device/ST/STM32F0xx/Source/stm32f072xb_rcc_driver.o
 .debug_aranges
                0x0000000000000100       0x70 ./Drivers/CMSIS/Device/ST/STM32F0xx/Source/stm32f07xx_gpio_driver.o
 .debug_aranges
                0x0000000000000170       0x60 ./Drivers/CMSIS/Device/ST/STM32F0xx/Source/stm32f07xx_usart_driver.o
 .debug_aranges
                0x00000000000001d0       0xd0 ./Drivers/STM32F0xx_HAL_Driver/Src/stm32f0xx_hal.o

.debug_rnglists
                0x0000000000000000      0x1dc
 .debug_rnglists
                0x0000000000000000       0x2b ./Core/Src/015_uart_tx.o
 .debug_rnglists
                0x000000000000002b       0x2b ./Core/Src/stm32f0xx_it.o
 .debug_rnglists
                0x0000000000000056       0x1a ./Core/Src/system_stm32f0xx.o
 .debug_rnglists
                0x0000000000000070       0x19 ./Core/Startup/startup_stm32f072rbtx.o
 .debug_rnglists
                0x0000000000000089       0x21 ./Drivers/CMSIS/Device/ST/STM32F0xx/Source/stm32f072xb_rcc_driver.o
 .debug_rnglists
                0x00000000000000aa       0x53 ./Drivers/CMSIS/Device/ST/STM32F0xx/Source/stm32f07xx_gpio_driver.o
 .debug_rnglists
                0x00000000000000fd       0x48 ./Drivers/CMSIS/Device/ST/STM32F0xx/Source/stm32f07xx_usart_driver.o
 .debug_rnglists
                0x0000000000000145       0x97 ./Drivers/STM32F0xx_HAL_Driver/Src/stm32f0xx_hal.o

.debug_macro    0x0000000000000000    0x12b67
 .debug_macro   0x0000000000000000      0x1da ./Core/Src/015_uart_tx.o
 .debug_macro   0x00000000000001da      0xa7e ./Core/Src/015_uart_tx.o
 .debug_macro   0x0000000000000c58       0x22 ./Core/Src/015_uart_tx.o
 .debug_macro   0x0000000000000c7a       0x5b ./Core/Src/015_uart_tx.o
 .debug_macro   0x0000000000000cd5       0x24 ./Core/Src/015_uart_tx.o
 .debug_macro   0x0000000000000cf9       0x94 ./Core/Src/015_uart_tx.o
 .debug_macro   0x0000000000000d8d       0x43 ./Core/Src/015_uart_tx.o
 .debug_macro   0x0000000000000dd0       0x34 ./Core/Src/015_uart_tx.o
 .debug_macro   0x0000000000000e04       0x16 ./Core/Src/015_uart_tx.o
 .debug_macro   0x0000000000000e1a       0x57 ./Core/Src/015_uart_tx.o
 .debug_macro   0x0000000000000e71       0x97 ./Core/Src/015_uart_tx.o
 .debug_macro   0x0000000000000f08      0x369 ./Core/Src/015_uart_tx.o
 .debug_macro   0x0000000000001271       0xfd ./Core/Src/015_uart_tx.o
 .debug_macro   0x000000000000136e       0x10 ./Core/Src/015_uart_tx.o
 .debug_macro   0x000000000000137e       0x16 ./Core/Src/015_uart_tx.o
 .debug_macro   0x0000000000001394       0x43 ./Core/Src/015_uart_tx.o
 .debug_macro   0x00000000000013d7       0x34 ./Core/Src/015_uart_tx.o
 .debug_macro   0x000000000000140b       0x10 ./Core/Src/015_uart_tx.o
 .debug_macro   0x000000000000141b       0x58 ./Core/Src/015_uart_tx.o
 .debug_macro   0x0000000000001473       0x8e ./Core/Src/015_uart_tx.o
 .debug_macro   0x0000000000001501       0x1c ./Core/Src/015_uart_tx.o
 .debug_macro   0x000000000000151d      0x177 ./Core/Src/015_uart_tx.o
 .debug_macro   0x0000000000001694       0x16 ./Core/Src/015_uart_tx.o
 .debug_macro   0x00000000000016aa       0x16 ./Core/Src/015_uart_tx.o
 .debug_macro   0x00000000000016c0      0x147 ./Core/Src/015_uart_tx.o
 .debug_macro   0x0000000000001807       0x16 ./Core/Src/015_uart_tx.o
 .debug_macro   0x000000000000181d       0x35 ./Core/Src/015_uart_tx.o
 .debug_macro   0x0000000000001852       0x20 ./Core/Src/015_uart_tx.o
 .debug_macro   0x0000000000001872      0x103 ./Core/Src/015_uart_tx.o
 .debug_macro   0x0000000000001975       0x6a ./Core/Src/015_uart_tx.o
 .debug_macro   0x00000000000019df      0x1df ./Core/Src/015_uart_tx.o
 .debug_macro   0x0000000000001bbe       0x64 ./Core/Src/015_uart_tx.o
 .debug_macro   0x0000000000001c22       0x1c ./Core/Src/015_uart_tx.o
 .debug_macro   0x0000000000001c3e       0x22 ./Core/Src/015_uart_tx.o
 .debug_macro   0x0000000000001c60       0xaf ./Core/Src/015_uart_tx.o
 .debug_macro   0x0000000000001d0f      0x391 ./Core/Src/015_uart_tx.o
 .debug_macro   0x00000000000020a0     0xffbc ./Core/Src/015_uart_tx.o
 .debug_macro   0x000000000001205c      0x11f ./Core/Src/015_uart_tx.o
 .debug_macro   0x000000000001217b       0xfa ./Core/Src/015_uart_tx.o
 .debug_macro   0x0000000000012275      0x1d3 ./Core/Src/stm32f0xx_it.o
 .debug_macro   0x0000000000012448      0x1ba ./Core/Src/system_stm32f0xx.o
 .debug_macro   0x0000000000012602       0xc6 ./Drivers/CMSIS/Device/ST/STM32F0xx/Source/stm32f072xb_rcc_driver.o
 .debug_macro   0x00000000000126c8       0xcf ./Drivers/CMSIS/Device/ST/STM32F0xx/Source/stm32f07xx_gpio_driver.o
 .debug_macro   0x0000000000012797       0xd9 ./Drivers/CMSIS/Device/ST/STM32F0xx/Source/stm32f07xx_usart_driver.o
 .debug_macro   0x0000000000012870      0x119 ./Drivers/CMSIS/Device/ST/STM32F0xx/Source/stm32f07xx_usart_driver.o
 .debug_macro   0x0000000000012989      0x1de ./Drivers/STM32F0xx_HAL_Driver/Src/stm32f0xx_hal.o

.debug_line     0x0000000000000000     0x38b1
 .debug_line    0x0000000000000000      0x76c ./Core/Src/015_uart_tx.o
 .debug_line    0x000000000000076c      0x796 ./Core/Src/stm32f0xx_it.o
 .debug_line    0x0000000000000f02      0x7b9 ./Core/Src/system_stm32f0xx.o
 .debug_line    0x00000000000016bb       0x7b ./Core/Startup/startup_stm32f072rbtx.o
 .debug_line    0x0000000000001736      0x5ea ./Drivers/CMSIS/Device/ST/STM32F0xx/Source/stm32f072xb_rcc_driver.o
 .debug_line    0x0000000000001d20      0x9de ./Drivers/CMSIS/Device/ST/STM32F0xx/Source/stm32f07xx_gpio_driver.o
 .debug_line    0x00000000000026fe      0x807 ./Drivers/CMSIS/Device/ST/STM32F0xx/Source/stm32f07xx_usart_driver.o
 .debug_line    0x0000000000002f05      0x9ac ./Drivers/STM32F0xx_HAL_Driver/Src/stm32f0xx_hal.o

.debug_str      0x0000000000000000    0x90054
 .debug_str     0x0000000000000000    0x5ef7e ./Core/Src/015_uart_tx.o
                                      0x5f194 (size before relaxing)
 .debug_str     0x000000000005ef7e    0x306bb ./Core/Src/stm32f0xx_it.o
                                      0x8b6f4 (size before relaxing)
 .debug_str     0x000000000008f639       0xde ./Core/Src/system_stm32f0xx.o
                                      0x8b66d (size before relaxing)
 .debug_str     0x000000000008f717       0x34 ./Core/Startup/startup_stm32f072rbtx.o
                                         0x60 (size before relaxing)
 .debug_str     0x000000000008f74b      0x120 ./Drivers/CMSIS/Device/ST/STM32F0xx/Source/stm32f072xb_rcc_driver.o
                                      0x5b134 (size before relaxing)
 .debug_str     0x000000000008f86b      0x186 ./Drivers/CMSIS/Device/ST/STM32F0xx/Source/stm32f07xx_gpio_driver.o
                                      0x5b5f5 (size before relaxing)
 .debug_str     0x000000000008f9f1      0x11b ./Drivers/CMSIS/Device/ST/STM32F0xx/Source/stm32f07xx_usart_driver.o
                                      0x5b71e (size before relaxing)
 .debug_str     0x000000000008fb0c      0x548 ./Drivers/STM32F0xx_HAL_Driver/Src/stm32f0xx_hal.o
                                      0x8bc63 (size before relaxing)

.debug_frame    0x0000000000000000      0x790
 .debug_frame   0x0000000000000000       0xa8 ./Core/Src/015_uart_tx.o
 .debug_frame   0x00000000000000a8       0x9c ./Core/Src/stm32f0xx_it.o
 .debug_frame   0x0000000000000144       0x4c ./Core/Src/system_stm32f0xx.o
 .debug_frame   0x0000000000000190       0x6c ./Drivers/CMSIS/Device/ST/STM32F0xx/Source/stm32f072xb_rcc_driver.o
 .debug_frame   0x00000000000001fc      0x174 ./Drivers/CMSIS/Device/ST/STM32F0xx/Source/stm32f07xx_gpio_driver.o
 .debug_frame   0x0000000000000370      0x130 ./Drivers/CMSIS/Device/ST/STM32F0xx/Source/stm32f07xx_usart_driver.o
 .debug_frame   0x00000000000004a0      0x2a4 ./Drivers/STM32F0xx_HAL_Driver/Src/stm32f0xx_hal.o
 .debug_frame   0x0000000000000744       0x2c C:/ST/STM32CubeIDE_1.13.2/STM32CubeIDE/plugins/com.st.stm32cube.ide.mcu.externaltools.gnu-tools-for-stm32.11.3.rel1.win32_1.1.1.202309131626/tools/bin/../lib/gcc/arm-none-eabi/11.3.1/../../../../arm-none-eabi/lib/thumb/v6-m/nofp\libc_nano.a(libc_a-init.o)
 .debug_frame   0x0000000000000770       0x20 C:/ST/STM32CubeIDE_1.13.2/STM32CubeIDE/plugins/com.st.stm32cube.ide.mcu.externaltools.gnu-tools-for-stm32.11.3.rel1.win32_1.1.1.202309131626/tools/bin/../lib/gcc/arm-none-eabi/11.3.1/thumb/v6-m/nofp\libgcc.a(_udivsi3.o)

.debug_line_str
                0x0000000000000000       0x54
 .debug_line_str
                0x0000000000000000       0x54 ./Core/Startup/startup_stm32f072rbtx.o
                                         0x6c (size before relaxing)
