../Drivers/CMSIS/Device/ST/STM32F0xx/Source/stm32f07xx_spi_driver.c:10:9:SPI_GetFlagStatus	16	static
../Drivers/CMSIS/Device/ST/STM32F0xx/Source/stm32f07xx_spi_driver.c:22:6:SPI_PeriClockControl	16	static
../Drivers/CMSIS/Device/ST/STM32F0xx/Source/stm32f07xx_spi_driver.c:51:6:SPI_Init	24	static
../Drivers/CMSIS/Device/ST/STM32F0xx/Source/stm32f07xx_spi_driver.c:94:6:SPI_DeInit	16	static
../Drivers/CMSIS/Device/ST/STM32F0xx/Source/stm32f07xx_spi_driver.c:101:6:SPI_sendData	24	static
../Drivers/CMSIS/Device/ST/STM32F0xx/Source/stm32f07xx_spi_driver.c:118:6:SPI_receiveData	24	static
../Drivers/CMSIS/Device/ST/STM32F0xx/Source/stm32f07xx_spi_driver.c:134:6:SPI_PeripheralControl	16	static
../Drivers/CMSIS/Device/ST/STM32F0xx/Source/stm32f07xx_spi_driver.c:145:6:SPI_SSIConfig	16	static
../Drivers/CMSIS/Device/ST/STM32F0xx/Source/stm32f07xx_spi_driver.c:158:6:SPI_SSOEConfig	16	static
../Drivers/CMSIS/Device/ST/STM32F0xx/Source/stm32f07xx_spi_driver.c:174:6:SPI_IRQInterruptConfig	16	static
../Drivers/CMSIS/Device/ST/STM32F0xx/Source/stm32f07xx_spi_driver.c:177:6:SPI_IRQPriorityConfig	16	static
../Drivers/CMSIS/Device/ST/STM32F0xx/Source/stm32f07xx_spi_driver.c:180:6:SPI_IRQHandling	16	static
